Copyright 1986-2018 Xilinx, Inc. All Rights Reserved.
-------------------------------------------------------------------------------------------------------------------------------
| Tool Version : Vivado v.2018.3 (win64) Build 2405991 Thu Dec  6 23:38:27 MST 2018
| Date         : Tue Aug 18 19:54:31 2026
| Host         : JUwade9906 running 64-bit major release  (build 9200)
| Command      : report_timing_summary -file C:/Users/zhuao/tcas/code/layout_ecc_sim/data/layout/p1_ooc_win/timing_summary.rpt
| Design       : top_p1_pfft_ecc
| Device       : 7vx690t-ffg1761
| Speed File   : -2  PRODUCTION 1.11 2014-09-11
-------------------------------------------------------------------------------------------------------------------------------

Timing Summary Report

------------------------------------------------------------------------------------------------
| Timer Settings
| --------------
------------------------------------------------------------------------------------------------

  Enable Multi Corner Analysis               :  Yes
  Enable Pessimism Removal                   :  Yes
  Pessimism Removal Resolution               :  Nearest Common Node
  Enable Input Delay Default Clock           :  No
  Enable Preset / Clear Arcs                 :  No
  Disable Flight Delays                      :  No
  Ignore I/O Paths                           :  No
  Timing Early Launch at Borrowing Latches   :  false

  Corner  Analyze    Analyze    
  Name    Max Paths  Min Paths  
  ------  ---------  ---------  
  Slow    Yes        Yes        
  Fast    Yes        Yes        



check_timing report

Table of Contents
-----------------
1. checking no_clock
2. checking constant_clock
3. checking pulse_width_clock
4. checking unconstrained_internal_endpoints
5. checking no_input_delay
6. checking no_output_delay
7. checking multiple_clock
8. checking generated_clocks
9. checking loops
10. checking partial_input_delay
11. checking partial_output_delay
12. checking latch_loops

1. checking no_clock
--------------------
 There are 0 register/latch pins with no clock.


2. checking constant_clock
--------------------------
 There are 0 register/latch pins with constant_clock.


3. checking pulse_width_clock
-----------------------------
 There are 0 register/latch pins which need pulse_width check


4. checking unconstrained_internal_endpoints
--------------------------------------------
 There are 0 pins that are not constrained for maximum delay.

 There are 0 pins that are not constrained for maximum delay due to constant clock.


5. checking no_input_delay
--------------------------
 There are 281 input ports with no input delay specified. (HIGH)

 There is 1 input port with no input delay but user has a false path constraint. (MEDIUM)


6. checking no_output_delay
---------------------------
 There are 282 ports with no output delay specified. (HIGH)

 There are 0 ports with no output delay but user has a false path constraint

 There are 0 ports with no output delay but with a timing clock defined on it or propagating through it


7. checking multiple_clock
--------------------------
 There are 0 register/latch pins with multiple clocks.


8. checking generated_clocks
----------------------------
 There are 0 generated clocks that are not connected to a clock source.


9. checking loops
-----------------
 There are 0 combinational loops in the design.


10. checking partial_input_delay
--------------------------------
 There are 0 input ports with partial input delay specified.


11. checking partial_output_delay
---------------------------------
 There are 0 ports with partial output delay specified.


12. checking latch_loops
------------------------
 There are 0 combinational latch loops in the design through latch input



------------------------------------------------------------------------------------------------
| Design Timing Summary
| ---------------------
------------------------------------------------------------------------------------------------

    WNS(ns)      TNS(ns)  TNS Failing Endpoints  TNS Total Endpoints      WHS(ns)      THS(ns)  THS Failing Endpoints  THS Total Endpoints     WPWS(ns)     TPWS(ns)  TPWS Failing Endpoints  TPWS Total Endpoints  
    -------      -------  ---------------------  -------------------      -------      -------  ---------------------  -------------------     --------     --------  ----------------------  --------------------  
      0.386        0.000                      0               140989        0.062        0.000                      0               140989        3.232        0.000                       0                 40539  


All user specified timing constraints are met.


------------------------------------------------------------------------------------------------
| Clock Summary
| -------------
------------------------------------------------------------------------------------------------

Clock  Waveform(ns)         Period(ns)      Frequency(MHz)
-----  ------------         ----------      --------------
clk    {0.000 4.000}        8.000           125.000         


------------------------------------------------------------------------------------------------
| Intra Clock Table
| -----------------
------------------------------------------------------------------------------------------------

Clock             WNS(ns)      TNS(ns)  TNS Failing Endpoints  TNS Total Endpoints      WHS(ns)      THS(ns)  THS Failing Endpoints  THS Total Endpoints     WPWS(ns)     TPWS(ns)  TPWS Failing Endpoints  TPWS Total Endpoints  
-----             -------      -------  ---------------------  -------------------      -------      -------  ---------------------  -------------------     --------     --------  ----------------------  --------------------  
clk                 0.386        0.000                      0               140989        0.062        0.000                      0               140989        3.232        0.000                       0                 40539  


------------------------------------------------------------------------------------------------
| Inter Clock Table
| -----------------
------------------------------------------------------------------------------------------------

From Clock    To Clock          WNS(ns)      TNS(ns)  TNS Failing Endpoints  TNS Total Endpoints      WHS(ns)      THS(ns)  THS Failing Endpoints  THS Total Endpoints  
----------    --------          -------      -------  ---------------------  -------------------      -------      -------  ---------------------  -------------------  


------------------------------------------------------------------------------------------------
| Other Path Groups Table
| -----------------------
------------------------------------------------------------------------------------------------

Path Group    From Clock    To Clock          WNS(ns)      TNS(ns)  TNS Failing Endpoints  TNS Total Endpoints      WHS(ns)      THS(ns)  THS Failing Endpoints  THS Total Endpoints  
----------    ----------    --------          -------      -------  ---------------------  -------------------      -------      -------  ---------------------  -------------------  


------------------------------------------------------------------------------------------------
| Timing Details
| --------------
------------------------------------------------------------------------------------------------


---------------------------------------------------------------------------------------------------
From Clock:  clk
  To Clock:  clk

Setup :            0  Failing Endpoints,  Worst Slack        0.386ns,  Total Violation        0.000ns
Hold  :            0  Failing Endpoints,  Worst Slack        0.062ns,  Total Violation        0.000ns
PW    :            0  Failing Endpoints,  Worst Slack        3.232ns,  Total Violation        0.000ns
---------------------------------------------------------------------------------------------------


Max Delay Paths
--------------------------------------------------------------------------------------
Slack (MET) :             0.386ns  (required time - arrival time)
  Source:                 u/s9/replicas[1].u/rot1/valid_out_reg/C
                            (rising edge-triggered cell FDRE clocked by clk  {rise@0.000ns fall@4.000ns period=8.000ns})
  Destination:            u/s9/replicas[1].u/out0_re_reg[34]/CE
                            (rising edge-triggered cell FDRE clocked by clk  {rise@0.000ns fall@4.000ns period=8.000ns})
  Path Group:             clk
  Path Type:              Setup (Max at Slow Process Corner)
  Requirement:            8.000ns  (clk rise@8.000ns - clk rise@0.000ns)
  Data Path Delay:        7.351ns  (logic 0.259ns (3.524%)  route 7.092ns (96.476%))
  Logic Levels:           0  
  Clock Path Skew:        -0.027ns (DCD - SCD + CPR)
    Destination Clock Delay (DCD):    0.510ns = ( 8.510 - 8.000 ) 
    Source Clock Delay      (SCD):    0.537ns
    Clock Pessimism Removal (CPR):    0.000ns
  Clock Uncertainty:      0.035ns  ((TSJ^2 + TIJ^2)^1/2 + DJ) / 2 + PE
    Total System Jitter     (TSJ):    0.071ns
    Total Input Jitter      (TIJ):    0.000ns
    Discrete Jitter          (DJ):    0.000ns
    Phase Error              (PE):    0.000ns

    Location             Delay type                Incr(ns)  Path(ns)    Netlist Resource(s)
  -------------------------------------------------------------------    -------------------
                         (clock clk rise edge)        0.000     0.000 r  
                                                      0.000     0.000 r  clk (IN)
                         net (fo=40922, unset)        0.537     0.537    u/s9/replicas[1].u/rot1/clk
    SLICE_X34Y320        FDRE                                         r  u/s9/replicas[1].u/rot1/valid_out_reg/C
  -------------------------------------------------------------------    -------------------
    SLICE_X34Y320        FDRE (Prop_fdre_C_Q)         0.259     0.796 r  u/s9/replicas[1].u/rot1/valid_out_reg/Q
                         net (fo=278, routed)         7.092     7.888    u/s9/replicas[1].u/v1
    SLICE_X123Y328       FDRE                                         r  u/s9/replicas[1].u/out0_re_reg[34]/CE
  -------------------------------------------------------------------    -------------------

                         (clock clk rise edge)        8.000     8.000 r  
                                                      0.000     8.000 r  clk (IN)
                         net (fo=40922, unset)        0.510     8.510    u/s9/replicas[1].u/clk
    SLICE_X123Y328       FDRE                                         r  u/s9/replicas[1].u/out0_re_reg[34]/C
                         clock pessimism              0.000     8.510    
                         clock uncertainty           -0.035     8.475    
    SLICE_X123Y328       FDRE (Setup_fdre_C_CE)      -0.201     8.274    u/s9/replicas[1].u/out0_re_reg[34]
  -------------------------------------------------------------------
                         required time                          8.274    
                         arrival time                          -7.888    
  -------------------------------------------------------------------
                         slack                                  0.386    





Min Delay Paths
--------------------------------------------------------------------------------------
Slack (MET) :             0.062ns  (arrival time - required time)
  Source:                 u/s1/work2_address_reg[4]_rep/C
                            (rising edge-triggered cell FDRE clocked by clk  {rise@0.000ns fall@4.000ns period=8.000ns})
  Destination:            u/s1/mem0/g_sync_distributed.mem_reg_0_63_66_68/RAMA/WADR4
                            (rising edge-triggered cell RAMD64E clocked by clk  {rise@0.000ns fall@4.000ns period=8.000ns})
  Path Group:             clk
  Path Type:              Hold (Min at Fast Process Corner)
  Requirement:            0.000ns  (clk rise@0.000ns - clk rise@0.000ns)
  Data Path Delay:        0.261ns  (logic 0.118ns (45.154%)  route 0.143ns (54.846%))
  Logic Levels:           0  
  Clock Path Skew:        0.014ns (DCD - SCD - CPR)
    Destination Clock Delay (DCD):    0.280ns
    Source Clock Delay      (SCD):    0.266ns
    Clock Pessimism Removal (CPR):    -0.000ns

    Location             Delay type                Incr(ns)  Path(ns)    Netlist Resource(s)
  -------------------------------------------------------------------    -------------------
                         (clock clk rise edge)        0.000     0.000 r  
                                                      0.000     0.000 r  clk (IN)
                         net (fo=40922, unset)        0.266     0.266    u/s1/clk
    SLICE_X110Y119       FDRE                                         r  u/s1/work2_address_reg[4]_rep/C
  -------------------------------------------------------------------    -------------------
    SLICE_X110Y119       FDRE (Prop_fdre_C_Q)         0.118     0.384 r  u/s1/work2_address_reg[4]_rep/Q
                         net (fo=260, routed)         0.143     0.528    u/s1/mem0/g_sync_distributed.mem_reg_0_63_66_68/ADDRD4
    SLICE_X112Y118       RAMD64E                                      r  u/s1/mem0/g_sync_distributed.mem_reg_0_63_66_68/RAMA/WADR4
  -------------------------------------------------------------------    -------------------

                         (clock clk rise edge)        0.000     0.000 r  
                                                      0.000     0.000 r  clk (IN)
                         net (fo=40922, unset)        0.280     0.280    u/s1/mem0/g_sync_distributed.mem_reg_0_63_66_68/WCLK
    SLICE_X112Y118       RAMD64E                                      r  u/s1/mem0/g_sync_distributed.mem_reg_0_63_66_68/RAMA/CLK
                         clock pessimism              0.000     0.280    
    SLICE_X112Y118       RAMD64E (Hold_ramd64e_CLK_WADR4)
                                                      0.185     0.465    u/s1/mem0/g_sync_distributed.mem_reg_0_63_66_68/RAMA
  -------------------------------------------------------------------
                         required time                         -0.465    
                         arrival time                           0.528    
  -------------------------------------------------------------------
                         slack                                  0.062    





Pulse Width Checks
--------------------------------------------------------------------------------------
Clock Name:         clk
Waveform(ns):       { 0.000 4.000 }
Period(ns):         8.000
Sources:            { clk }

Check Type        Corner  Lib Pin      Reference Pin  Required(ns)  Actual(ns)  Slack(ns)  Location      Pin
Min Period        n/a     DSP48E1/CLK  n/a            2.772         8.000       5.228      DSP48_X3Y35   u/s2/complete_butterflies[2].pipe_rot.rotate/rr_s2_reg__2/CLK
Low Pulse Width   Slow    RAMD64E/CLK  n/a            0.768         4.000       3.232      SLICE_X98Y70  u/s2/mem0/g_async_distributed.mem_reg_0_63_0_2/RAMA/CLK
High Pulse Width  Slow    RAMD64E/CLK  n/a            0.768         4.000       3.232      SLICE_X98Y70  u/s2/mem0/g_async_distributed.mem_reg_0_63_0_2/RAMA/CLK



