Copyright 1986-2018 Xilinx, Inc. All Rights Reserved.
-------------------------------------------------------------------------------------------------------------------------
| Tool Version     : Vivado v.2018.3 (win64) Build 2405991 Thu Dec  6 23:38:27 MST 2018
| Date             : Tue Aug 18 19:54:48 2026
| Host             : JUwade9906 running 64-bit major release  (build 9200)
| Command          : report_power -file C:/Users/zhuao/tcas/code/layout_ecc_sim/data/layout/p1_ooc_win/power.rpt
| Design           : top_p1_pfft_ecc
| Device           : xc7vx690tffg1761-2
| Design State     : routed
| Grade            : commercial
| Process          : typical
| Characterization : Production
-------------------------------------------------------------------------------------------------------------------------

Power Report

Table of Contents
-----------------
1. Summary
1.1 On-Chip Components
1.2 Power Supply Summary
1.3 Confidence Level
2. Settings
2.1 Environment
2.2 Clock Constraints
3. Detailed Reports
3.1 By Hierarchy

1. Summary
----------

+--------------------------+--------------+
| Total On-Chip Power (W)  | 3.556        |
| Design Power Budget (W)  | Unspecified* |
| Power Budget Margin (W)  | NA           |
| Dynamic (W)              | 3.197        |
| Device Static (W)        | 0.359        |
| Effective TJA (C/W)      | 1.1          |
| Max Ambient (C)          | 81.0         |
| Junction Temperature (C) | 29.0         |
| Confidence Level         | Medium       |
| Setting File             | ---          |
| Simulation Activity File | ---          |
| Design Nets Matched      | NA           |
+--------------------------+--------------+
* Specify Design Power Budget using, set_operating_conditions -design_power_budget <value in Watts>


1.1 On-Chip Components
----------------------

+--------------------------+-----------+----------+-----------+-----------------+
| On-Chip                  | Power (W) | Used     | Available | Utilization (%) |
+--------------------------+-----------+----------+-----------+-----------------+
| Clocks                   |     0.158 |        3 |       --- |             --- |
| Slice Logic              |     0.861 |   139567 |       --- |             --- |
|   LUT as Logic           |     0.746 |    79314 |    433200 |           18.31 |
|   CARRY4                 |     0.076 |    10140 |    108300 |            9.36 |
|   LUT as Distributed RAM |     0.022 |     2288 |    174200 |            1.31 |
|   Register               |     0.016 |    36827 |    866400 |            4.25 |
|   F7/F8 Muxes            |    <0.001 |     1083 |    433200 |            0.25 |
|   Others                 |     0.000 |      313 |       --- |             --- |
| Signals                  |     1.313 |   156075 |       --- |             --- |
| DSPs                     |     0.865 |      768 |      3600 |           21.33 |
| Static Power             |     0.359 |          |           |                 |
| Total                    |     3.556 |          |           |                 |
+--------------------------+-----------+----------+-----------+-----------------+


1.2 Power Supply Summary
------------------------

+-----------+-------------+-----------+-------------+------------+
| Source    | Voltage (V) | Total (A) | Dynamic (A) | Static (A) |
+-----------+-------------+-----------+-------------+------------+
| Vccint    |       1.000 |     3.418 |       3.197 |      0.221 |
| Vccaux    |       1.800 |     0.054 |       0.000 |      0.054 |
| Vcco33    |       3.300 |     0.000 |       0.000 |      0.000 |
| Vcco25    |       2.500 |     0.000 |       0.000 |      0.000 |
| Vcco18    |       1.800 |     0.000 |       0.000 |      0.000 |
| Vcco15    |       1.500 |     0.000 |       0.000 |      0.000 |
| Vcco135   |       1.350 |     0.000 |       0.000 |      0.000 |
| Vcco12    |       1.200 |     0.000 |       0.000 |      0.000 |
| Vccaux_io |       1.800 |     0.000 |       0.000 |      0.000 |
| Vccbram   |       1.000 |     0.005 |       0.000 |      0.005 |
| MGTAVcc   |       1.000 |     0.000 |       0.000 |      0.000 |
| MGTAVtt   |       1.200 |     0.000 |       0.000 |      0.000 |
| MGTVccaux |       1.800 |     0.000 |       0.000 |      0.000 |
| MGTZVccl  |       1.075 |     0.000 |       0.000 |      0.000 |
| MGTZAVcc  |       1.075 |     0.000 |       0.000 |      0.000 |
| MGTZVcch  |       1.800 |     0.000 |       0.000 |      0.000 |
| Vccadc    |       1.800 |     0.020 |       0.000 |      0.020 |
+-----------+-------------+-----------+-------------+------------+


1.3 Confidence Level
--------------------

+-----------------------------+------------+------------------------------------------------+------------------------------------------------------------------------------------------------------------+
| User Input Data             | Confidence | Details                                        | Action                                                                                                     |
+-----------------------------+------------+------------------------------------------------+------------------------------------------------------------------------------------------------------------+
| Design implementation state | High       | Design is routed                               |                                                                                                            |
| Clock nodes activity        | High       | User specified more than 95% of clocks         |                                                                                                            |
| I/O nodes activity          | High       | User specified more than 95% of inputs         |                                                                                                            |
| Internal nodes activity     | Medium     | User specified less than 25% of internal nodes | Provide missing internal nodes activity with simulation results or by editing the "By Resource Type" views |
| Device models               | High       | Device models are Production                   |                                                                                                            |
|                             |            |                                                |                                                                                                            |
| Overall confidence level    | Medium     |                                                |                                                                                                            |
+-----------------------------+------------+------------------------------------------------+------------------------------------------------------------------------------------------------------------+


2. Settings
-----------

2.1 Environment
---------------

+-----------------------+--------------------------+
| Ambient Temp (C)      | 25.0                     |
| ThetaJA (C/W)         | 1.1                      |
| Airflow (LFM)         | 250                      |
| Heat Sink             | medium (Medium Profile)  |
| ThetaSA (C/W)         | 2.2                      |
| Board Selection       | medium (10"x10")         |
| # of Board Layers     | 12to15 (12 to 15 Layers) |
| Board Temperature (C) | 25.0                     |
+-----------------------+--------------------------+


2.2 Clock Constraints
---------------------

+-------+--------+-----------------+
| Clock | Domain | Constraint (ns) |
+-------+--------+-----------------+
| clk   | clk    |             8.0 |
+-------+--------+-----------------+


3. Detailed Reports
-------------------

3.1 By Hierarchy
----------------

+-----------------------------------------------+-----------+
| Name                                          | Power (W) |
+-----------------------------------------------+-----------+
| top_p1_pfft_ecc                               |     3.197 |
|   u                                           |     3.197 |
|     s1                                        |     0.255 |
|       mem0                                    |     0.018 |
|       mem1                                    |     0.017 |
|       mem2                                    |     0.018 |
|       mem3                                    |     0.019 |
|       u_apply                                 |     0.013 |
|     s10                                       |     0.026 |
|     s2                                        |     0.429 |
|       complete_butterflies[0].pipe_rot.rotate |     0.033 |
|       complete_butterflies[1].pipe_rot.rotate |     0.031 |
|       complete_butterflies[2].pipe_rot.rotate |     0.030 |
|       complete_butterflies[3].pipe_rot.rotate |     0.030 |
|       complete_butterflies[4].pipe_rot.rotate |     0.030 |
|       complete_butterflies[5].pipe_rot.rotate |     0.035 |
|       mem0                                    |     0.031 |
|       mem1                                    |     0.017 |
|       mem2                                    |     0.018 |
|       mem3                                    |     0.016 |
|       u_apply                                 |     0.011 |
|     s3                                        |     0.382 |
|       complete_butterflies[0].pipe_rot.rotate |     0.030 |
|       complete_butterflies[1].pipe_rot.rotate |     0.030 |
|       complete_butterflies[2].pipe_rot.rotate |     0.031 |
|       complete_butterflies[3].pipe_rot.rotate |     0.030 |
|       complete_butterflies[4].pipe_rot.rotate |     0.031 |
|       complete_butterflies[5].pipe_rot.rotate |     0.031 |
|       mem0                                    |     0.017 |
|       mem1                                    |     0.017 |
|       mem2                                    |     0.016 |
|       mem3                                    |     0.017 |
|       u_apply                                 |     0.009 |
|     s4                                        |     0.367 |
|       complete_butterflies[0].pipe_rot.rotate |     0.031 |
|       complete_butterflies[1].pipe_rot.rotate |     0.031 |
|       complete_butterflies[2].pipe_rot.rotate |     0.031 |
|       complete_butterflies[3].pipe_rot.rotate |     0.031 |
|       complete_butterflies[4].pipe_rot.rotate |     0.032 |
|       complete_butterflies[5].pipe_rot.rotate |     0.035 |
|       mem0                                    |     0.017 |
|       mem1                                    |     0.015 |
|       mem2                                    |     0.016 |
|       mem3                                    |     0.015 |
|       u_apply                                 |     0.007 |
|     s5                                        |     0.372 |
|       complete_butterflies[0].pipe_rot.rotate |     0.034 |
|       complete_butterflies[1].pipe_rot.rotate |     0.033 |
|       complete_butterflies[2].pipe_rot.rotate |     0.035 |
|       complete_butterflies[3].pipe_rot.rotate |     0.033 |
|       complete_butterflies[4].pipe_rot.rotate |     0.037 |
|       complete_butterflies[5].pipe_rot.rotate |     0.035 |
|       mem0                                    |     0.016 |
|       mem1                                    |     0.015 |
|       mem2                                    |     0.016 |
|       mem3                                    |     0.017 |
|       u_apply                                 |     0.006 |
|     s6                                        |     0.351 |
|       complete_butterflies[0].pipe_rot.rotate |     0.033 |
|       complete_butterflies[1].pipe_rot.rotate |     0.033 |
|       complete_butterflies[2].pipe_rot.rotate |     0.034 |
|       complete_butterflies[3].pipe_rot.rotate |     0.034 |
|       complete_butterflies[4].pipe_rot.rotate |     0.035 |
|       complete_butterflies[5].pipe_rot.rotate |     0.036 |
|       mem0                                    |     0.015 |
|       mem1                                    |     0.014 |
|       mem2                                    |     0.015 |
|       mem3                                    |     0.014 |
|       u_apply                                 |     0.006 |
|     s7                                        |     0.381 |
|       complete_butterflies[0].pipe_rot.rotate |     0.034 |
|       complete_butterflies[1].pipe_rot.rotate |     0.037 |
|       complete_butterflies[2].pipe_rot.rotate |     0.038 |
|       complete_butterflies[3].pipe_rot.rotate |     0.036 |
|       complete_butterflies[4].pipe_rot.rotate |     0.037 |
|       complete_butterflies[5].pipe_rot.rotate |     0.040 |
|       mem0                                    |     0.016 |
|       mem1                                    |     0.015 |
|       mem2                                    |     0.017 |
|       mem3                                    |     0.016 |
|       u_apply                                 |     0.005 |
|     s8                                        |     0.430 |
|       replicas[0].u                           |     0.141 |
|       replicas[1].u                           |     0.143 |
|       replicas[2].u                           |     0.141 |
|     s9                                        |     0.204 |
|       replicas[0].u                           |     0.068 |
|       replicas[1].u                           |     0.069 |
|       replicas[2].u                           |     0.067 |
+-----------------------------------------------+-----------+


